// Jest Snapshot v1, https://goo.gl/fbAQLP

exports[`should render snap 1`] = `ShallowWrapper {}`;
