// Jest Snapshot v1, https://goo.gl/fbAQLP

exports[`shouls render snapshot 1`] = `ShallowWrapper {}`;
