// Jest Snapshot v1, https://goo.gl/fbAQLP

exports[`should test conditions 1`] = `ShallowWrapper {}`;
