// Jest Snapshot v1, https://goo.gl/fbAQLP

exports[`should have a snapshot without error 1`] = `ReactWrapper {}`;
