// Jest Snapshot v1, https://goo.gl/fbAQLP

exports[`component renders should match snapshot 1`] = `ReactWrapper {}`;
