// Jest Snapshot v1, https://goo.gl/fbAQLP

exports[`should render properly with searching false 1`] = `ReactWrapper {}`;

exports[`should render properly with searching true 1`] = `ReactWrapper {}`;
